    Checking novadraw-render v0.1.0 (/Users/bytedance/Documents/code/GitHub/drawjs/engine/wasm_rust/novadraw/novadraw-render)
    Checking novadraw-scene v0.1.0 (/Users/bytedance/Documents/code/GitHub/drawjs/engine/wasm_rust/novadraw/novadraw-scene)
    Checking novadraw v0.1.0 (/Users/bytedance/Documents/code/GitHub/drawjs/engine/wasm_rust/novadraw/novadraw)
    Checking novadraw-editor v0.1.0 (/Users/bytedance/Documents/code/GitHub/drawjs/engine/wasm_rust/novadraw/novadraw-editor)
    Checking novadraw-apps v0.1.0 (/Users/bytedance/Documents/code/GitHub/drawjs/engine/wasm_rust/novadraw/novadraw-apps)
    Checking novadraw-demo-scenes v0.1.0 (/Users/bytedance/Documents/code/GitHub/drawjs/engine/wasm_rust/novadraw/novadraw-demo-scenes)
    Checking r8-perf v0.1.0 (/Users/bytedance/Documents/code/GitHub/drawjs/engine/wasm_rust/novadraw/apps/benchmarks/r8-perf)
    Checking node-editor-demo v0.1.0 (/Users/bytedance/Documents/code/GitHub/drawjs/engine/wasm_rust/novadraw/apps/native/node-editor-demo)
    Checking event-app v0.1.0 (/Users/bytedance/Documents/code/GitHub/drawjs/engine/wasm_rust/novadraw/apps/native/event-app)
    Checking widgets-app v0.1.0 (/Users/bytedance/Documents/code/GitHub/drawjs/engine/wasm_rust/novadraw/apps/native/widgets-app)
    Checking layout-app v0.1.0 (/Users/bytedance/Documents/code/GitHub/drawjs/engine/wasm_rust/novadraw/apps/native/layout-app)
    Checking scroll-pane-demo v0.1.0 (/Users/bytedance/Documents/code/GitHub/drawjs/engine/wasm_rust/novadraw/apps/native/scroll-pane-demo)
    Checking transform-app v0.1.0 (/Users/bytedance/Documents/code/GitHub/drawjs/engine/wasm_rust/novadraw/apps/native/transform-app)
    Checking border-app v0.1.0 (/Users/bytedance/Documents/code/GitHub/drawjs/engine/wasm_rust/novadraw/apps/native/border-app)
    Checking style-app v0.1.0 (/Users/bytedance/Documents/code/GitHub/drawjs/engine/wasm_rust/novadraw/apps/native/style-app)
    Checking viewport-app v0.1.0 (/Users/bytedance/Documents/code/GitHub/drawjs/engine/wasm_rust/novadraw/apps/native/viewport-app)
    Checking connections-demo v0.1.0 (/Users/bytedance/Documents/code/GitHub/drawjs/engine/wasm_rust/novadraw/apps/native/connections-demo)
    Checking shape-app v0.1.0 (/Users/bytedance/Documents/code/GitHub/drawjs/engine/wasm_rust/novadraw/apps/native/shape-app)
    Checking update-app v0.1.0 (/Users/bytedance/Documents/code/GitHub/drawjs/engine/wasm_rust/novadraw/apps/native/update-app)
    Checking ndcanvas-app v0.1.0 (/Users/bytedance/Documents/code/GitHub/drawjs/engine/wasm_rust/novadraw/apps/native/ndcanvas-app)
    Checking clip-app v0.1.0 (/Users/bytedance/Documents/code/GitHub/drawjs/engine/wasm_rust/novadraw/apps/native/clip-app)
    Checking text-app v0.1.0 (/Users/bytedance/Documents/code/GitHub/drawjs/engine/wasm_rust/novadraw/apps/native/text-app)
    Checking web-validation v0.1.0 (/Users/bytedance/Documents/code/GitHub/drawjs/engine/wasm_rust/novadraw/apps/web/web-validation)
    Finished `dev` profile [unoptimized + debuginfo] target(s) in 16.68s
