Diff in /Users/bytedance/Documents/code/GitHub/drawjs/engine/wasm_rust/novadraw/novadraw/src/lib.rs:37:
     ConnectionLayerFigure, ConnectionLocator, ConnectionLocatorStrategy, ConnectionResolution,
     ConnectionRuntimeError, ConnectionStateSnapshot, CoordinateListener, CoordinateSpace,
     CursorIcon, DEFAULT_TOOLTIP_GAP, DEFAULT_TOOLTIP_HIDE_DELAY, DEFAULT_TOOLTIP_SHOW_DELAY,
-    DEFAULT_ZOOM_LEVELS,
-    DefaultScrollPolicy, DirectRouter, Direction, DispatchContext, DispatchOutcome, EllipseAnchor,
-    EllipseFigure, EtchedBorder, Event, EventContext, EventDispatcher, ExclusionSearch,
-    FAN_DEFAULT_SEPARATION, FREEFORM_EXTENT_PROPERTY, FanRouter, Figure, FigureComponentContext,
-    FigureComponentUpdate, FigureContainer, FigureEvent, FigureEventHandler, FigureId,
-    FigureLifecycle, FigureLifecycleContext, FigureListener, FigureMeasurement, FigureNode,
-    FigureStyle, FigureTree, FillLayout, FlowDirection, FlowLayout, FocusChange, FocusError,
-    FocusEvent, FocusEventKind, FocusTraversalDirection, FocusTraversalOutcome,
-    FocusTraversalPolicy, FontId, FramePreparation, FramePreparationError, Freeform,
-    FreeformConstraint, FreeformConstraintError, FreeformError, FreeformLayerFigure,
+    DEFAULT_ZOOM_LEVELS, DefaultScrollPolicy, DirectRouter, Direction, DispatchContext,
+    DispatchOutcome, EllipseAnchor, EllipseFigure, EtchedBorder, Event, EventContext,
+    EventDispatcher, ExclusionSearch, FAN_DEFAULT_SEPARATION, FREEFORM_EXTENT_PROPERTY, FanRouter,
+    Figure, FigureComponentContext, FigureComponentUpdate, FigureContainer, FigureEvent,
+    FigureEventHandler, FigureId, FigureLifecycle, FigureLifecycleContext, FigureListener,
+    FigureMeasurement, FigureNode, FigureStyle, FigureTree, FillLayout, FlowDirection, FlowLayout,
+    FocusChange, FocusError, FocusEvent, FocusEventKind, FocusTraversalDirection,
+    FocusTraversalOutcome, FocusTraversalPolicy, FontId, FramePreparation, FramePreparationError,
+    Freeform, FreeformConstraint, FreeformConstraintError, FreeformError, FreeformLayerFigure,
     FreeformLayeredPane, FreeformLayout, GesturePhase, GestureSessionId, GraphMutationError,
     GridAlignment, GridConstraint, GridLayout, HeadlessHost, HitParticipation, IdentitySearch,
     ImageDisplayState, ImageFigure, ImageId, ImeState, InteractionState, Key, KeyEvent,
